{
  "Value": "",
  "Children": [
    {
      "Value": "",
      "Children": [
        {
          "Value": "",
          "Children": [
            {
              "Value": "1"
            },
            {
              "Value": "2"
            }
          ]
        },
        {
          "Value": "",
          "Children": [
            {
              "Value": "2"
            },
            {
              "Value": "4"
            }
          ]
        }
      ]
    },
    {
      "Value": "",
      "Children": [
        {
          "Value": "",
          "Children": [
            {
              "Value": "2"
            },
            {
              "Value": "4"
            }
          ]
        },
        {
          "Value": "",
          "Children": [
            {
              "Value": "4"
            },
            {
              "Value": "8"
            }
          ]
        }
      ]
    }
  ]
}